../Core/Src/stm32h7xx_hal_msp.c:64:6:HAL_MspInit	16	static
../Core/Src/stm32h7xx_hal_msp.c:88:6:HAL_ADC_MspInit	64	static
../Core/Src/stm32h7xx_hal_msp.c:177:6:HAL_ADC_MspDeInit	16	static
../Core/Src/stm32h7xx_hal_msp.c:238:6:HAL_ETH_MspInit	80	static
../Core/Src/stm32h7xx_hal_msp.c:341:6:HAL_ETH_MspDeInit	16	static
../Core/Src/stm32h7xx_hal_msp.c:402:6:HAL_FDCAN_MspInit	248	static
../Core/Src/stm32h7xx_hal_msp.c:489:6:HAL_FDCAN_MspDeInit	16	static
../Core/Src/stm32h7xx_hal_msp.c:542:6:HAL_I2C_MspInit	248	static
../Core/Src/stm32h7xx_hal_msp.c:597:6:HAL_I2C_MspDeInit	16	static
../Core/Src/stm32h7xx_hal_msp.c:628:6:HAL_LTDC_MspInit	256	static
../Core/Src/stm32h7xx_hal_msp.c:738:6:HAL_LTDC_MspDeInit	16	static
../Core/Src/stm32h7xx_hal_msp.c:804:6:HAL_QSPI_MspInit	248	static
../Core/Src/stm32h7xx_hal_msp.c:879:6:HAL_QSPI_MspDeInit	16	static
../Core/Src/stm32h7xx_hal_msp.c:916:6:HAL_RTC_MspInit	208	static
../Core/Src/stm32h7xx_hal_msp.c:950:6:HAL_RTC_MspDeInit	16	static
../Core/Src/stm32h7xx_hal_msp.c:972:6:HAL_MMC_MspInit	248	static
../Core/Src/stm32h7xx_hal_msp.c:1045:6:HAL_MMC_MspDeInit	16	static
../Core/Src/stm32h7xx_hal_msp.c:1087:6:HAL_SPI_MspInit	248	static
../Core/Src/stm32h7xx_hal_msp.c:1160:6:HAL_SPI_MspDeInit	16	static
../Core/Src/stm32h7xx_hal_msp.c:1195:6:HAL_TIM_Base_MspInit	24	static
../Core/Src/stm32h7xx_hal_msp.c:1218:6:HAL_TIM_Base_MspDeInit	16	static
../Core/Src/stm32h7xx_hal_msp.c:1240:6:HAL_UART_MspInit	240	static
../Core/Src/stm32h7xx_hal_msp.c:1288:6:HAL_UART_MspDeInit	16	static
../Core/Src/stm32h7xx_hal_msp.c:1317:6:HAL_PCD_MspInit	240	static
../Core/Src/stm32h7xx_hal_msp.c:1374:6:HAL_PCD_MspDeInit	16	static
../Core/Src/stm32h7xx_hal_msp.c:1400:13:HAL_FMC_MspInit	232	static
../Core/Src/stm32h7xx_hal_msp.c:1509:6:HAL_SDRAM_MspInit	16	static
../Core/Src/stm32h7xx_hal_msp.c:1521:13:HAL_FMC_MspDeInit	8	static
../Core/Src/stm32h7xx_hal_msp.c:1593:6:HAL_SDRAM_MspDeInit	16	static
../Core/Src/stm32h7xx_hal_msp.c:1605:6:HAL_SAI_MspInit	240	static
../Core/Src/stm32h7xx_hal_msp.c:1676:6:HAL_SAI_MspDeInit	16	static
