../Core/Src/main.c:138:7:stringToHexArray	32	static
../Core/Src/main.c:123:5:main	376	static
../Core/Src/main.c:271:6:SystemClock_Config	120	static
../Core/Src/main.c:333:6:PeriphCommonClock_Config	200	static
../Core/Src/main.c:360:13:MX_ADC1_Init	48	static
../Core/Src/main.c:428:13:MX_ADC2_Init	40	static
../Core/Src/main.c:487:13:MX_ADC3_Init	40	static
../Core/Src/main.c:545:13:MX_ETH_Init	8	static
../Core/Src/main.c:594:13:MX_FDCAN1_Init	8	static
../Core/Src/main.c:647:13:MX_FDCAN2_Init	8	static
../Core/Src/main.c:700:13:MX_I2C4_Init	8	static
../Core/Src/main.c:748:13:MX_LTDC_Init	112	static
../Core/Src/main.c:830:13:MX_QUADSPI_Init	8	static
../Core/Src/main.c:865:13:MX_RTC_Init	8	static
../Core/Src/main.c:901:13:MX_SAI2_Init	8	static
../Core/Src/main.c:982:13:MX_SDMMC1_MMC_Init	8	static
../Core/Src/main.c:1013:13:MX_SPI2_Init	8	static
../Core/Src/main.c:1061:13:MX_USART3_UART_Init	8	static
../Core/Src/main.c:1109:13:MX_USB_OTG_FS_PCD_Init	8	static
../Core/Src/main.c:1141:13:MX_FMC_Init	40	static
../Core/Src/main.c:1192:13:MX_GPIO_Init	72	static
../Core/Src/main.c:1339:6:Error_Handler	4	static,ignoring_inline_asm
