../Core/Src/stm32h7xx_hal_msp.c:64:6:HAL_MspInit	16	static
../Core/Src/stm32h7xx_hal_msp.c:87:6:HAL_ADC_MspInit	72	static
../Core/Src/stm32h7xx_hal_msp.c:189:6:HAL_ADC_MspDeInit	16	static
../Core/Src/stm32h7xx_hal_msp.c:260:6:HAL_ETH_MspInit	80	static
../Core/Src/stm32h7xx_hal_msp.c:362:6:HAL_ETH_MspDeInit	16	static
../Core/Src/stm32h7xx_hal_msp.c:423:6:HAL_FDCAN_MspInit	248	static
../Core/Src/stm32h7xx_hal_msp.c:510:6:HAL_FDCAN_MspDeInit	16	static
../Core/Src/stm32h7xx_hal_msp.c:563:6:HAL_I2C_MspInit	248	static
../Core/Src/stm32h7xx_hal_msp.c:617:6:HAL_I2C_MspDeInit	16	static
../Core/Src/stm32h7xx_hal_msp.c:648:6:HAL_LTDC_MspInit	256	static
../Core/Src/stm32h7xx_hal_msp.c:757:6:HAL_LTDC_MspDeInit	16	static
../Core/Src/stm32h7xx_hal_msp.c:823:6:HAL_QSPI_MspInit	248	static
../Core/Src/stm32h7xx_hal_msp.c:897:6:HAL_QSPI_MspDeInit	16	static
../Core/Src/stm32h7xx_hal_msp.c:934:6:HAL_RTC_MspInit	208	static
../Core/Src/stm32h7xx_hal_msp.c:967:6:HAL_RTC_MspDeInit	16	static
../Core/Src/stm32h7xx_hal_msp.c:989:6:HAL_MMC_MspInit	248	static
../Core/Src/stm32h7xx_hal_msp.c:1061:6:HAL_MMC_MspDeInit	16	static
../Core/Src/stm32h7xx_hal_msp.c:1103:6:HAL_SPI_MspInit	248	static
../Core/Src/stm32h7xx_hal_msp.c:1175:6:HAL_SPI_MspDeInit	16	static
../Core/Src/stm32h7xx_hal_msp.c:1210:6:HAL_UART_MspInit	240	static
../Core/Src/stm32h7xx_hal_msp.c:1257:6:HAL_UART_MspDeInit	16	static
../Core/Src/stm32h7xx_hal_msp.c:1286:6:HAL_PCD_MspInit	240	static
../Core/Src/stm32h7xx_hal_msp.c:1342:6:HAL_PCD_MspDeInit	16	static
../Core/Src/stm32h7xx_hal_msp.c:1368:13:HAL_FMC_MspInit	232	static
../Core/Src/stm32h7xx_hal_msp.c:1477:6:HAL_SDRAM_MspInit	16	static
../Core/Src/stm32h7xx_hal_msp.c:1489:13:HAL_FMC_MspDeInit	8	static
../Core/Src/stm32h7xx_hal_msp.c:1561:6:HAL_SDRAM_MspDeInit	16	static
../Core/Src/stm32h7xx_hal_msp.c:1573:6:HAL_SAI_MspInit	240	static
../Core/Src/stm32h7xx_hal_msp.c:1644:6:HAL_SAI_MspDeInit	16	static
